  Determining projects to restore...
  All projects are up-to-date for restore.
  ResourceManager.Domain -> C:\Users\hp\OneDrive\Desktop\ResourceManager\ResourceManager.Domain\bin\Debug\net8.0\ResourceManager.Domain.dll
  ResourceManager.Application -> C:\Users\hp\OneDrive\Desktop\ResourceManager\ResourceManager.Application\bin\Debug\net8.0\ResourceManager.Application.dll
  ResourceManager.Infrastructure -> C:\Users\hp\OneDrive\Desktop\ResourceManager\ResourceManager.Infrastructure\bin\Debug\net8.0\ResourceManager.Infrastructure.dll
  ResourceManager.API -> C:\Users\hp\OneDrive\Desktop\ResourceManager\bin\Debug\net8.0\ResourceManager.API.dll

Build succeeded.
    0 Warning(s)
    0 Error(s)

Time Elapsed 00:00:36.08
